<?xml version="1.0" ?>
<testsuites failures="0" name="TestXML" tests="1" time="0.383">
	<testsuite name="Vector2IntTests" failures="0"  tests="7" time="0">
		<testcase name="WhenAddTwoVector2Ints ShouldGetRightAnswer" time="0"></testcase>
		<testcase name="WhenMultiplyVector2Int WithIntScalar ShouldGetRightAnswer" time="0"></testcase>
		<testcase name="WhenMultiplyVector2Int WithFloatScalar ShouldGetRoundedAnswer" time="0"></testcase>
		<testcase name="WhenDivideVector2Int WithIntScalar ShouldGetRightAnswer" time="0"></testcase>
		<testcase name="WhenDivideVector2Int WithFloatScalar ShouldGetRoundedAnswer" time="0"></testcase>
		<testcase name="WhenNegateVector2Int" time="0"></testcase>
		<testcase name="WhenDivideVector2IntByZero ShouldThrowError" time="0"></testcase>
	</testsuite>

</testsuites>